test\mobileTest\appium\interactions\Interactions_TelaInicial.class
test\mobileTest\appium\pageObjects\PageObjects_PaginaInicial.class
view\FormFx.class
view\FormFx$1.class
test\webTest\webdriver\utils\Constant.class
test\webTest\webdriver\commonMethods\CommonPageObjects$1.class
test\webTest\webdriver\pageObjects\PageObjects_TelaLogin.class
test\webTest\cucumber\features\RunCukesTest.class
test\mobileTest\cucumber\features\Step_DesafioOLXMobile.class
view\ConsoleLog.class
test\mobileTest\appium\utils\Constant.class
view\MainFx.class
test\webTest\webdriver\interactions\Interactions_TelaInicial.class
view\FormFx$2.class
test\mobileTest\appium\commonMethods\CommonPageObjects$1.class
test\webTest\webdriver\pageObjects\PageObjects_TelaInicial.class
test\webTest\webdriver\interactions\Interactions_TelaLogin.class
test\mobileTest\appium\commonMethods\CommonPageObjects.class
test\restTest\DesafioQAREST.class
test\webTest\webdriver\commonMethods\CommonPageObjects.class
view\FormFx$3.class
test\mobileTest\cucumber\features\RunCukesTestMobile.class
test\webTest\cucumber\features\Step_DesafioOLX.class
