C:\Users\Arthur\IdeaProjects\desafioQA\src\main\java\test\webTest\webdriver\pageObjects\PageObjects_TelaInicial.java
C:\Users\Arthur\IdeaProjects\desafioQA\src\main\java\test\webTest\webdriver\utils\Constant.java
C:\Users\Arthur\IdeaProjects\desafioQA\src\main\java\test\mobileTest\appium\commonMethods\CommonPageObjects.java
C:\Users\Arthur\IdeaProjects\desafioQA\src\main\java\test\webTest\webdriver\pageObjects\PageObjects_TelaLogin.java
C:\Users\Arthur\IdeaProjects\desafioQA\src\main\java\view\FormFx.java
C:\Users\Arthur\IdeaProjects\desafioQA\src\main\java\test\webTest\cucumber\features\Step_DesafioOLX.java
C:\Users\Arthur\IdeaProjects\desafioQA\src\main\java\test\mobileTest\appium\pageObjects\PageObjects_PaginaInicial.java
C:\Users\Arthur\IdeaProjects\desafioQA\src\main\java\test\webTest\webdriver\interactions\Interactions_TelaLogin.java
C:\Users\Arthur\IdeaProjects\desafioQA\src\main\java\test\mobileTest\cucumber\features\RunCukesTestMobile.java
C:\Users\Arthur\IdeaProjects\desafioQA\src\main\java\test\webTest\webdriver\interactions\Interactions_TelaInicial.java
C:\Users\Arthur\IdeaProjects\desafioQA\src\main\java\test\mobileTest\appium\utils\Constant.java
C:\Users\Arthur\IdeaProjects\desafioQA\src\main\java\view\MainFx.java
C:\Users\Arthur\IdeaProjects\desafioQA\src\main\java\test\webTest\webdriver\commonMethods\CommonPageObjects.java
C:\Users\Arthur\IdeaProjects\desafioQA\src\main\java\test\mobileTest\cucumber\features\Step_DesafioOLXMobile.java
C:\Users\Arthur\IdeaProjects\desafioQA\src\main\java\test\mobileTest\appium\interactions\Interactions_TelaInicial.java
C:\Users\Arthur\IdeaProjects\desafioQA\src\main\java\test\webTest\cucumber\features\RunCukesTest.java
C:\Users\Arthur\IdeaProjects\desafioQA\src\main\java\view\ConsoleLog.java
C:\Users\Arthur\IdeaProjects\desafioQA\src\main\java\test\restTest\DesafioQAREST.java
